C:\Users\91836\AppData\Local\Programs\Python\Python311\self.py
C:\Users\91836\AppData\Local\Programs\Python\Python311\tonystark.py
C:\Users\91836\AppData\Local\Programs\Python\Python311\sorry.py
C:\Users\91836\AppData\Local\Programs\Python\Python311\nlp-3.py
C:\Users\91836\AppData\Local\Programs\Python\Python311\nlp-2.py
C:\Users\91836\AppData\Local\Programs\Python\Python311\tony.py
C:\Users\91836\AppData\Local\Programs\Python\Python311\tony1.py
C:\Users\91836\AppData\Local\Programs\Python\Python311\gohan.py
C:\Users\91836\AppData\Local\Programs\Python\Python311\run1.py
C:\Users\91836\AppData\Local\Programs\Python\Python311\run.py
C:\Users\91836\AppData\Local\Programs\Python\Python311\project-nlp-5.py
C:\Users\91836\AppData\Local\Programs\Python\Python311\project-nlp-3.py
C:\Users\91836\AppData\Local\Programs\Python\Python311\nlp-1.py
C:\Users\91836\AppData\Local\Programs\Python\Python311\project-nlp-7.py
C:\Users\91836\AppData\Local\Programs\Python\Python311\gotan.py
C:\Users\91836\AppData\Local\Programs\Python\Python311\vegito.py
C:\Users\91836\AppData\Local\Programs\Python\Python311\nlp.py
C:\Users\91836\AppData\Local\Programs\Python\Python311\textsummarizer.py
C:\Users\91836\AppData\Local\Programs\Python\Python310\sff1.py
C:\Users\91836\AppData\Local\Programs\Python\Python311\sff.py
C:\Users\91836\AppData\Local\Programs\Python\Python310\sff.py
